{'image_adc': '/app/liucd/deeplearn_dec/DL_dec/data_adc/zunyi/Mixed/2022_10_20_1650366_ADC2_0000_0.nii.gz', 'image_dce': '/app/liucd/deeplearn_dec/DL_dec/data/zunyi/Mixed/2022_10_20_1650366_+C2_0000_0.nii.gz', 'clinical': [3.0, 1.0, 2.0, 0.0, 0.0, 0.2], 'label': 0}
691 619 1310
Loading dataset:   0%|          | 0/691 [00:00<?, ?it/s]Loading dataset:   0%|          | 1/691 [00:00<03:09,  3.64it/s]Loading dataset:   0%|          | 2/691 [00:02<13:14,  1.15s/it]Loading dataset:   2%|▏         | 17/691 [00:03<02:08,  5.24it/s]Loading dataset:   5%|▍         | 34/691 [00:04<01:10,  9.27it/s]Loading dataset:   9%|▉         | 61/691 [00:04<00:32, 19.56it/s]Loading dataset:  11%|█         | 75/691 [00:05<00:25, 24.24it/s]Loading dataset:  12%|█▏        | 82/691 [00:06<00:34, 17.83it/s]Loading dataset:  14%|█▍        | 96/691 [00:06<00:23, 24.84it/s]Loading dataset:  15%|█▌        | 104/691 [00:06<00:20, 28.12it/s]Loading dataset:  16%|█▌        | 110/691 [00:06<00:28, 20.07it/s]Loading dataset:  19%|█▊        | 128/691 [00:07<00:22, 25.06it/s]Loading dataset:  20%|█▉        | 135/691 [00:07<00:19, 28.35it/s]Loading dataset:  20%|██        | 140/691 [00:07<00:19, 27.73it/s]Loading dataset:  21%|██        | 145/691 [00:09<00:50, 10.74it/s]Loading dataset:  26%|██▌       | 181/691 [00:10<00:23, 21.92it/s]Loading dataset:  29%|██▉       | 200/691 [00:10<00:15, 30.80it/s]Loading dataset:  30%|███       | 208/691 [00:10<00:14, 34.21it/s]Loading dataset:  31%|███▏      | 216/691 [00:11<00:17, 26.76it/s]Loading dataset:  32%|███▏      | 222/691 [00:13<00:44, 10.50it/s]Loading dataset:  34%|███▎      | 232/691 [00:13<00:33, 13.65it/s]Loading dataset:  37%|███▋      | 256/691 [00:14<00:27, 16.01it/s]Loading dataset:  39%|███▉      | 271/691 [00:15<00:23, 18.22it/s]Loading dataset:  41%|████      | 283/691 [00:16<00:27, 14.97it/s]Loading dataset:  43%|████▎     | 300/691 [00:16<00:20, 19.52it/s]Loading dataset:  46%|████▌     | 318/691 [00:17<00:14, 26.61it/s]Loading dataset:  47%|████▋     | 324/691 [00:18<00:20, 17.86it/s]Loading dataset:  48%|████▊     | 332/691 [00:18<00:17, 20.68it/s]Loading dataset:  49%|████▉     | 341/691 [00:18<00:20, 17.36it/s]Loading dataset:  51%|█████     | 352/691 [00:19<00:21, 15.99it/s]Loading dataset:  54%|█████▍    | 375/691 [00:19<00:11, 27.30it/s]Loading dataset:  55%|█████▌    | 381/691 [00:21<00:23, 13.07it/s]Loading dataset:  56%|█████▌    | 385/691 [00:22<00:26, 11.56it/s]Loading dataset:  56%|█████▋    | 390/691 [00:24<00:46,  6.47it/s]Loading dataset:  59%|█████▉    | 411/691 [00:26<00:30,  9.20it/s]Loading dataset:  62%|██████▏   | 427/691 [00:26<00:21, 12.12it/s]Loading dataset:  63%|██████▎   | 435/691 [00:28<00:29,  8.79it/s]Loading dataset:  64%|██████▍   | 443/691 [00:29<00:25,  9.88it/s]Loading dataset:  65%|██████▌   | 450/691 [00:30<00:33,  7.20it/s]Loading dataset:  69%|██████▉   | 479/691 [00:32<00:20, 10.57it/s]Loading dataset:  71%|███████   | 489/691 [00:33<00:16, 11.96it/s]Loading dataset:  74%|███████▍  | 513/691 [00:34<00:13, 13.62it/s]Loading dataset:  76%|███████▌  | 526/691 [00:36<00:14, 11.68it/s]Loading dataset:  78%|███████▊  | 540/691 [00:38<00:15,  9.72it/s]Loading dataset:  79%|███████▊  | 544/691 [00:39<00:18,  7.78it/s]Loading dataset:  86%|████████▌ | 591/691 [00:39<00:04, 20.20it/s]Loading dataset:  87%|████████▋ | 602/691 [00:40<00:04, 17.97it/s]Loading dataset:  88%|████████▊ | 610/691 [00:41<00:05, 15.43it/s]Loading dataset:  89%|████████▉ | 616/691 [00:43<00:07,  9.51it/s]Loading dataset:  91%|█████████▏| 631/691 [00:44<00:05, 10.51it/s]Loading dataset:  94%|█████████▍| 648/691 [00:45<00:03, 14.04it/s]Loading dataset:  95%|█████████▍| 653/691 [00:46<00:03, 10.19it/s]Loading dataset:  99%|█████████▉| 685/691 [00:46<00:00, 20.51it/s]Loading dataset: 100%|██████████| 691/691 [00:46<00:00, 14.71it/s]
Loading dataset:   0%|          | 0/619 [00:00<?, ?it/s]Loading dataset:   0%|          | 1/619 [00:00<09:55,  1.04it/s]Loading dataset:   4%|▍         | 27/619 [00:01<00:21, 27.04it/s]Loading dataset:   5%|▌         | 33/619 [00:01<00:26, 21.77it/s]Loading dataset:   6%|▌         | 37/619 [00:02<00:39, 14.59it/s]Loading dataset:   9%|▊         | 53/619 [00:02<00:21, 26.41it/s]Loading dataset:  10%|▉         | 59/619 [00:02<00:20, 27.36it/s]Loading dataset:  10%|█         | 64/619 [00:03<00:31, 17.50it/s]Loading dataset:  12%|█▏        | 76/619 [00:03<00:24, 22.46it/s]Loading dataset:  13%|█▎        | 83/619 [00:04<00:27, 19.77it/s]Loading dataset:  15%|█▍        | 91/619 [00:04<00:22, 23.22it/s]Loading dataset:  17%|█▋        | 107/619 [00:04<00:16, 31.67it/s]Loading dataset:  18%|█▊        | 111/619 [00:04<00:19, 26.62it/s]Loading dataset:  20%|█▉        | 122/619 [00:05<00:17, 29.11it/s]Loading dataset:  20%|██        | 126/619 [00:05<00:16, 30.28it/s]Loading dataset:  21%|██        | 131/619 [00:05<00:15, 31.60it/s]Loading dataset:  22%|██▏       | 138/619 [00:05<00:16, 28.96it/s]Loading dataset:  23%|██▎       | 142/619 [00:06<00:28, 16.66it/s]Loading dataset:  26%|██▋       | 163/619 [00:06<00:15, 29.13it/s]Loading dataset:  29%|██▉       | 179/619 [00:06<00:10, 42.92it/s]Loading dataset:  30%|███       | 187/619 [00:07<00:11, 36.02it/s]Loading dataset:  31%|███       | 193/619 [00:07<00:15, 27.24it/s]Loading dataset:  33%|███▎      | 204/619 [00:08<00:19, 21.79it/s]Loading dataset:  35%|███▌      | 218/619 [00:08<00:13, 30.81it/s]Loading dataset:  37%|███▋      | 231/619 [00:08<00:10, 37.44it/s]Loading dataset:  38%|███▊      | 237/619 [00:09<00:13, 28.43it/s]Loading dataset:  39%|███▉      | 242/619 [00:09<00:12, 30.33it/s]Loading dataset:  40%|███▉      | 247/619 [00:09<00:12, 28.85it/s]Loading dataset:  41%|████      | 251/619 [00:09<00:15, 24.46it/s]Loading dataset:  41%|████      | 255/619 [00:10<00:22, 16.44it/s]Loading dataset:  44%|████▍     | 274/619 [00:10<00:09, 35.07it/s]Loading dataset:  45%|████▌     | 281/619 [00:10<00:11, 28.42it/s]Loading dataset:  47%|████▋     | 288/619 [00:11<00:12, 26.66it/s]Loading dataset:  47%|████▋     | 293/619 [00:11<00:13, 24.18it/s]Loading dataset:  49%|████▊     | 301/619 [00:11<00:10, 29.44it/s]Loading dataset:  49%|████▉     | 306/619 [00:12<00:23, 13.58it/s]Loading dataset:  52%|█████▏    | 322/619 [00:13<00:16, 18.42it/s]Loading dataset:  54%|█████▎    | 332/619 [00:14<00:17, 16.20it/s]Loading dataset:  56%|█████▌    | 347/619 [00:14<00:12, 21.51it/s]Loading dataset:  58%|█████▊    | 360/619 [00:14<00:10, 24.12it/s]Loading dataset:  59%|█████▉    | 364/619 [00:15<00:14, 17.66it/s]Loading dataset:  60%|█████▉    | 370/619 [00:16<00:17, 14.62it/s]Loading dataset:  63%|██████▎   | 389/619 [00:16<00:08, 26.71it/s]Loading dataset:  64%|██████▍   | 396/619 [00:18<00:23,  9.65it/s]Loading dataset:  69%|██████▊   | 425/619 [00:19<00:10, 18.41it/s]Loading dataset:  70%|██████▉   | 431/619 [00:19<00:09, 19.76it/s]Loading dataset:  70%|███████   | 436/619 [00:19<00:10, 16.79it/s]Loading dataset:  77%|███████▋  | 479/619 [00:19<00:03, 43.02it/s]Loading dataset:  80%|███████▉  | 494/619 [00:20<00:03, 40.88it/s]Loading dataset:  82%|████████▏ | 506/619 [00:20<00:02, 42.73it/s]Loading dataset:  83%|████████▎ | 516/619 [00:21<00:03, 29.52it/s]Loading dataset:  85%|████████▍ | 524/619 [00:21<00:02, 33.21it/s]Loading dataset:  88%|████████▊ | 544/619 [00:22<00:02, 34.07it/s]Loading dataset:  92%|█████████▏| 568/619 [00:22<00:01, 45.89it/s]Loading dataset:  93%|█████████▎| 576/619 [00:22<00:01, 42.91it/s]Loading dataset:  95%|█████████▍| 585/619 [00:22<00:00, 43.90it/s]Loading dataset:  95%|█████████▌| 591/619 [00:23<00:00, 35.70it/s]Loading dataset:  96%|█████████▋| 596/619 [00:23<00:00, 24.91it/s]Loading dataset: 100%|██████████| 619/619 [00:23<00:00, 26.26it/s]
output:  torch.Size([8, 2])
epoch 1 average  train loss: 0.6060
saved new best metric model
current epoch: 1 current accuracy: 0.6866 current AUC: 0.7191 best accuracy: 0.7191 at epoch 1
epoch 2 average  train loss: 0.5880
saved new best metric model
current epoch: 2 current accuracy: 0.6882 current AUC: 0.7457 best accuracy: 0.7457 at epoch 2
epoch 3 average  train loss: 0.5539
saved new best metric model
current epoch: 3 current accuracy: 0.7189 current AUC: 0.7628 best accuracy: 0.7628 at epoch 3
epoch 4 average  train loss: 0.5628
saved new best metric model
current epoch: 4 current accuracy: 0.6866 current AUC: 0.7818 best accuracy: 0.7818 at epoch 4
epoch 5 average  train loss: 0.5381
current epoch: 5 current accuracy: 0.6866 current AUC: 0.7361 best accuracy: 0.7818 at epoch 4
epoch 6 average  train loss: 0.5255
current epoch: 6 current accuracy: 0.6866 current AUC: 0.7803 best accuracy: 0.7818 at epoch 4
epoch 7 average  train loss: 0.5546
saved new best metric model
current epoch: 7 current accuracy: 0.6882 current AUC: 0.7877 best accuracy: 0.7877 at epoch 7
epoch 8 average  train loss: 0.5328
saved new best metric model
current epoch: 8 current accuracy: 0.6963 current AUC: 0.7891 best accuracy: 0.7891 at epoch 8
epoch 9 average  train loss: 0.5089
current epoch: 9 current accuracy: 0.6866 current AUC: 0.7539 best accuracy: 0.7891 at epoch 8
epoch 10 average  train loss: 0.5325
current epoch: 10 current accuracy: 0.6866 current AUC: 0.7713 best accuracy: 0.7891 at epoch 8
epoch 11 average  train loss: 0.5088
current epoch: 11 current accuracy: 0.7205 current AUC: 0.7821 best accuracy: 0.7891 at epoch 8
epoch 12 average  train loss: 0.5058
current epoch: 12 current accuracy: 0.6947 current AUC: 0.7792 best accuracy: 0.7891 at epoch 8
epoch 13 average  train loss: 0.5072
current epoch: 13 current accuracy: 0.7334 current AUC: 0.7754 best accuracy: 0.7891 at epoch 8
epoch 14 average  train loss: 0.4930
current epoch: 14 current accuracy: 0.7221 current AUC: 0.7878 best accuracy: 0.7891 at epoch 8
epoch 15 average  train loss: 0.5189
saved new best metric model
current epoch: 15 current accuracy: 0.7237 current AUC: 0.8159 best accuracy: 0.8159 at epoch 15
epoch 16 average  train loss: 0.5116
current epoch: 16 current accuracy: 0.6882 current AUC: 0.7671 best accuracy: 0.8159 at epoch 15
epoch 17 average  train loss: 0.5013
current epoch: 17 current accuracy: 0.7399 current AUC: 0.7815 best accuracy: 0.8159 at epoch 15
epoch 18 average  train loss: 0.5059
current epoch: 18 current accuracy: 0.7060 current AUC: 0.7857 best accuracy: 0.8159 at epoch 15
epoch 19 average  train loss: 0.4943
current epoch: 19 current accuracy: 0.7334 current AUC: 0.7927 best accuracy: 0.8159 at epoch 15
epoch 20 average  train loss: 0.4885
current epoch: 20 current accuracy: 0.7431 current AUC: 0.7962 best accuracy: 0.8159 at epoch 15
epoch 21 average  train loss: 0.4722
current epoch: 21 current accuracy: 0.6882 current AUC: 0.7846 best accuracy: 0.8159 at epoch 15
epoch 22 average  train loss: 0.4890
current epoch: 22 current accuracy: 0.7189 current AUC: 0.8131 best accuracy: 0.8159 at epoch 15
epoch 23 average  train loss: 0.4993
current epoch: 23 current accuracy: 0.7205 current AUC: 0.7974 best accuracy: 0.8159 at epoch 15
epoch 24 average  train loss: 0.4737
current epoch: 24 current accuracy: 0.7496 current AUC: 0.7999 best accuracy: 0.8159 at epoch 15
epoch 25 average  train loss: 0.4599
current epoch: 25 current accuracy: 0.7674 current AUC: 0.8047 best accuracy: 0.8159 at epoch 15
epoch 26 average  train loss: 0.4813
current epoch: 26 current accuracy: 0.6866 current AUC: 0.8021 best accuracy: 0.8159 at epoch 15
epoch 27 average  train loss: 0.4592
current epoch: 27 current accuracy: 0.6866 current AUC: 0.7989 best accuracy: 0.8159 at epoch 15
epoch 28 average  train loss: 0.4923
current epoch: 28 current accuracy: 0.7108 current AUC: 0.7995 best accuracy: 0.8159 at epoch 15
epoch 29 average  train loss: 0.4690
current epoch: 29 current accuracy: 0.7124 current AUC: 0.8046 best accuracy: 0.8159 at epoch 15
epoch 30 average  train loss: 0.4609
current epoch: 30 current accuracy: 0.6995 current AUC: 0.8046 best accuracy: 0.8159 at epoch 15
epoch 31 average  train loss: 0.4535
current epoch: 31 current accuracy: 0.7254 current AUC: 0.8106 best accuracy: 0.8159 at epoch 15
epoch 32 average  train loss: 0.4652
current epoch: 32 current accuracy: 0.7044 current AUC: 0.7996 best accuracy: 0.8159 at epoch 15
epoch 33 average  train loss: 0.4607
current epoch: 33 current accuracy: 0.7577 current AUC: 0.8095 best accuracy: 0.8159 at epoch 15
epoch 34 average  train loss: 0.4473
current epoch: 34 current accuracy: 0.7593 current AUC: 0.8075 best accuracy: 0.8159 at epoch 15
epoch 35 average  train loss: 0.4611
current epoch: 35 current accuracy: 0.7286 current AUC: 0.7897 best accuracy: 0.8159 at epoch 15
epoch 36 average  train loss: 0.4577
current epoch: 36 current accuracy: 0.7189 current AUC: 0.7979 best accuracy: 0.8159 at epoch 15
epoch 37 average  train loss: 0.4530
current epoch: 37 current accuracy: 0.7383 current AUC: 0.8038 best accuracy: 0.8159 at epoch 15
epoch 38 average  train loss: 0.4440
current epoch: 38 current accuracy: 0.6947 current AUC: 0.8018 best accuracy: 0.8159 at epoch 15
epoch 39 average  train loss: 0.4494
current epoch: 39 current accuracy: 0.7415 current AUC: 0.8126 best accuracy: 0.8159 at epoch 15
epoch 40 average  train loss: 0.4413
current epoch: 40 current accuracy: 0.7803 current AUC: 0.8158 best accuracy: 0.8159 at epoch 15
epoch 41 average  train loss: 0.4258
current epoch: 41 current accuracy: 0.7157 current AUC: 0.8030 best accuracy: 0.8159 at epoch 15
epoch 42 average  train loss: 0.4459
saved new best metric model
current epoch: 42 current accuracy: 0.7658 current AUC: 0.8215 best accuracy: 0.8215 at epoch 42
epoch 43 average  train loss: 0.4367
current epoch: 43 current accuracy: 0.7496 current AUC: 0.8114 best accuracy: 0.8215 at epoch 42
epoch 44 average  train loss: 0.4349
current epoch: 44 current accuracy: 0.7464 current AUC: 0.8047 best accuracy: 0.8215 at epoch 42
epoch 45 average  train loss: 0.4405
current epoch: 45 current accuracy: 0.7302 current AUC: 0.8127 best accuracy: 0.8215 at epoch 42
epoch 46 average  train loss: 0.4245
current epoch: 46 current accuracy: 0.7237 current AUC: 0.8196 best accuracy: 0.8215 at epoch 42
epoch 47 average  train loss: 0.4217
current epoch: 47 current accuracy: 0.7334 current AUC: 0.8117 best accuracy: 0.8215 at epoch 42
epoch 48 average  train loss: 0.4336
current epoch: 48 current accuracy: 0.7221 current AUC: 0.8032 best accuracy: 0.8215 at epoch 42
epoch 49 average  train loss: 0.4114
current epoch: 49 current accuracy: 0.7464 current AUC: 0.7943 best accuracy: 0.8215 at epoch 42
epoch 50 average  train loss: 0.4371
current epoch: 50 current accuracy: 0.7173 current AUC: 0.8041 best accuracy: 0.8215 at epoch 42
epoch 51 average  train loss: 0.4102
current epoch: 51 current accuracy: 0.7415 current AUC: 0.8200 best accuracy: 0.8215 at epoch 42
epoch 52 average  train loss: 0.4039
current epoch: 52 current accuracy: 0.7464 current AUC: 0.8053 best accuracy: 0.8215 at epoch 42
epoch 53 average  train loss: 0.4020
current epoch: 53 current accuracy: 0.6931 current AUC: 0.7869 best accuracy: 0.8215 at epoch 42
epoch 54 average  train loss: 0.4257
current epoch: 54 current accuracy: 0.7286 current AUC: 0.7863 best accuracy: 0.8215 at epoch 42
epoch 55 average  train loss: 0.3999
current epoch: 55 current accuracy: 0.7528 current AUC: 0.7944 best accuracy: 0.8215 at epoch 42
epoch 56 average  train loss: 0.4138
current epoch: 56 current accuracy: 0.7415 current AUC: 0.8181 best accuracy: 0.8215 at epoch 42
epoch 57 average  train loss: 0.4030
current epoch: 57 current accuracy: 0.7528 current AUC: 0.7971 best accuracy: 0.8215 at epoch 42
epoch 58 average  train loss: 0.3918
current epoch: 58 current accuracy: 0.7415 current AUC: 0.7914 best accuracy: 0.8215 at epoch 42
epoch 59 average  train loss: 0.4031
current epoch: 59 current accuracy: 0.7447 current AUC: 0.8099 best accuracy: 0.8215 at epoch 42
epoch 60 average  train loss: 0.3911
current epoch: 60 current accuracy: 0.7221 current AUC: 0.7763 best accuracy: 0.8215 at epoch 42
epoch 61 average  train loss: 0.3866
current epoch: 61 current accuracy: 0.7173 current AUC: 0.7979 best accuracy: 0.8215 at epoch 42
epoch 62 average  train loss: 0.3961
current epoch: 62 current accuracy: 0.7221 current AUC: 0.7714 best accuracy: 0.8215 at epoch 42
epoch 63 average  train loss: 0.3693
current epoch: 63 current accuracy: 0.7415 current AUC: 0.7916 best accuracy: 0.8215 at epoch 42
epoch 64 average  train loss: 0.3884
current epoch: 64 current accuracy: 0.7334 current AUC: 0.7858 best accuracy: 0.8215 at epoch 42
epoch 65 average  train loss: 0.3826
current epoch: 65 current accuracy: 0.7254 current AUC: 0.7857 best accuracy: 0.8215 at epoch 42
epoch 66 average  train loss: 0.3569
current epoch: 66 current accuracy: 0.7060 current AUC: 0.7793 best accuracy: 0.8215 at epoch 42
epoch 67 average  train loss: 0.3829
current epoch: 67 current accuracy: 0.7415 current AUC: 0.8073 best accuracy: 0.8215 at epoch 42
epoch 68 average  train loss: 0.3761
current epoch: 68 current accuracy: 0.7625 current AUC: 0.7961 best accuracy: 0.8215 at epoch 42
epoch 69 average  train loss: 0.3660
current epoch: 69 current accuracy: 0.7157 current AUC: 0.7952 best accuracy: 0.8215 at epoch 42
epoch 70 average  train loss: 0.3428
current epoch: 70 current accuracy: 0.7027 current AUC: 0.7894 best accuracy: 0.8215 at epoch 42
epoch 71 average  train loss: 0.3654
current epoch: 71 current accuracy: 0.7302 current AUC: 0.7960 best accuracy: 0.8215 at epoch 42
epoch 72 average  train loss: 0.3730
current epoch: 72 current accuracy: 0.7318 current AUC: 0.7924 best accuracy: 0.8215 at epoch 42
epoch 73 average  train loss: 0.3432
current epoch: 73 current accuracy: 0.7173 current AUC: 0.7736 best accuracy: 0.8215 at epoch 42
epoch 74 average  train loss: 0.3367
current epoch: 74 current accuracy: 0.7334 current AUC: 0.7636 best accuracy: 0.8215 at epoch 42
epoch 75 average  train loss: 0.3357
current epoch: 75 current accuracy: 0.7237 current AUC: 0.7852 best accuracy: 0.8215 at epoch 42
epoch 76 average  train loss: 0.3451
current epoch: 76 current accuracy: 0.7496 current AUC: 0.7891 best accuracy: 0.8215 at epoch 42
epoch 77 average  train loss: 0.3330
current epoch: 77 current accuracy: 0.7270 current AUC: 0.7825 best accuracy: 0.8215 at epoch 42
epoch 78 average  train loss: 0.3456
current epoch: 78 current accuracy: 0.7383 current AUC: 0.7888 best accuracy: 0.8215 at epoch 42
epoch 79 average  train loss: 0.3149
current epoch: 79 current accuracy: 0.7351 current AUC: 0.7856 best accuracy: 0.8215 at epoch 42
epoch 80 average  train loss: 0.3279
current epoch: 80 current accuracy: 0.7092 current AUC: 0.7856 best accuracy: 0.8215 at epoch 42
epoch 81 average  train loss: 0.3666
current epoch: 81 current accuracy: 0.7221 current AUC: 0.8029 best accuracy: 0.8215 at epoch 42
epoch 82 average  train loss: 0.3391
current epoch: 82 current accuracy: 0.7415 current AUC: 0.7785 best accuracy: 0.8215 at epoch 42
epoch 83 average  train loss: 0.3183
current epoch: 83 current accuracy: 0.7060 current AUC: 0.7688 best accuracy: 0.8215 at epoch 42
epoch 84 average  train loss: 0.3201
current epoch: 84 current accuracy: 0.7254 current AUC: 0.7679 best accuracy: 0.8215 at epoch 42
epoch 85 average  train loss: 0.3036
current epoch: 85 current accuracy: 0.7189 current AUC: 0.7791 best accuracy: 0.8215 at epoch 42
epoch 86 average  train loss: 0.3055
current epoch: 86 current accuracy: 0.7221 current AUC: 0.7832 best accuracy: 0.8215 at epoch 42
{'image_adc': '/app/liucd/deeplearn_dec/DL_dec/data_adc/zunyi/Mixed/2022_10_20_1650366_ADC2_0000_0.nii.gz', 'image_dce': '/app/liucd/deeplearn_dec/DL_dec/data/zunyi/Mixed/2022_10_20_1650366_+C2_0000_0.nii.gz', 'clinical': [3.0, 1.0, 2.0, 0.0, 0.0, 0.2], 'label': 0}
691 619 1310
Loading dataset:   0%|          | 0/691 [00:00<?, ?it/s]Loading dataset:   0%|          | 1/691 [00:00<03:40,  3.13it/s]Loading dataset:   0%|          | 2/691 [00:02<13:13,  1.15s/it]Loading dataset:   2%|▏         | 17/691 [00:03<02:10,  5.18it/s]Loading dataset:   5%|▍         | 34/691 [00:04<01:10,  9.26it/s]Loading dataset:   9%|▉         | 61/691 [00:04<00:32, 19.60it/s]Loading dataset:  11%|█         | 75/691 [00:05<00:25, 24.57it/s]Loading dataset:  12%|█▏        | 82/691 [00:06<00:34, 17.51it/s]Loading dataset:  14%|█▍        | 96/691 [00:06<00:24, 24.21it/s]Loading dataset:  15%|█▌        | 106/691 [00:06<00:27, 21.20it/s]Loading dataset:  18%|█▊        | 124/691 [00:07<00:18, 30.64it/s]Loading dataset:  19%|█▉        | 131/691 [00:07<00:20, 27.00it/s]Loading dataset:  20%|█▉        | 137/691 [00:07<00:20, 26.91it/s]Loading dataset:  21%|██        | 143/691 [00:09<00:48, 11.20it/s]Loading dataset:  26%|██▌       | 181/691 [00:10<00:21, 23.75it/s]Loading dataset:  29%|██▉       | 200/691 [00:10<00:15, 31.71it/s]Loading dataset:  31%|███       | 211/691 [00:10<00:15, 30.33it/s]Loading dataset:  31%|███▏      | 217/691 [00:10<00:15, 30.47it/s]Loading dataset:  32%|███▏      | 222/691 [00:12<00:41, 11.32it/s]Loading dataset:  34%|███▎      | 232/691 [00:13<00:30, 14.90it/s]Loading dataset:  37%|███▋      | 256/691 [00:14<00:27, 15.63it/s]Loading dataset:  39%|███▉      | 271/691 [00:14<00:22, 19.04it/s]Loading dataset:  40%|███▉      | 275/691 [00:15<00:24, 16.71it/s]Loading dataset:  41%|████      | 283/691 [00:16<00:27, 14.63it/s]Loading dataset:  43%|████▎     | 300/691 [00:16<00:20, 18.93it/s]Loading dataset:  47%|████▋     | 324/691 [00:17<00:18, 20.18it/s]Loading dataset:  48%|████▊     | 332/691 [00:17<00:15, 22.96it/s]Loading dataset:  49%|████▉     | 341/691 [00:18<00:19, 17.95it/s]Loading dataset:  51%|█████     | 352/691 [00:19<00:20, 16.69it/s]Loading dataset:  54%|█████▍    | 375/691 [00:19<00:11, 26.94it/s]Loading dataset:  55%|█████▍    | 380/691 [00:21<00:23, 13.49it/s]Loading dataset:  56%|█████▌    | 384/691 [00:22<00:25, 12.16it/s]Loading dataset:  56%|█████▋    | 389/691 [00:22<00:21, 13.93it/s]Loading dataset:  57%|█████▋    | 393/691 [00:24<00:47,  6.31it/s]Loading dataset:  59%|█████▉    | 411/691 [00:25<00:30,  9.15it/s]Loading dataset:  60%|█████▉    | 413/691 [00:26<00:31,  8.85it/s]Loading dataset:  62%|██████▏   | 427/691 [00:26<00:20, 13.13it/s]Loading dataset:  63%|██████▎   | 435/691 [00:28<00:31,  8.08it/s]Loading dataset:  64%|██████▍   | 443/691 [00:28<00:25,  9.86it/s]Loading dataset:  65%|██████▌   | 450/691 [00:30<00:34,  7.01it/s]Loading dataset:  69%|██████▉   | 479/691 [00:32<00:19, 10.71it/s]Loading dataset:  71%|███████   | 489/691 [00:32<00:16, 12.33it/s]Loading dataset:  74%|███████▍  | 513/691 [00:34<00:12, 14.28it/s]Loading dataset:  75%|███████▌  | 520/691 [00:34<00:10, 16.08it/s]Loading dataset:  76%|███████▌  | 526/691 [00:35<00:15, 10.33it/s]Loading dataset:  78%|███████▊  | 540/691 [00:37<00:16,  9.09it/s]Loading dataset:  79%|███████▊  | 544/691 [00:39<00:20,  7.14it/s]Loading dataset:  86%|████████▌ | 591/691 [00:39<00:05, 19.81it/s]Loading dataset:  86%|████████▋ | 596/691 [00:40<00:05, 16.19it/s]Loading dataset:  88%|████████▊ | 607/691 [00:41<00:05, 15.55it/s]Loading dataset:  88%|████████▊ | 611/691 [00:43<00:08,  8.95it/s]Loading dataset:  91%|█████████▏| 631/691 [00:44<00:05, 11.34it/s]Loading dataset:  94%|█████████▍| 648/691 [00:44<00:02, 14.63it/s]Loading dataset:  95%|█████████▍| 653/691 [00:46<00:03, 10.75it/s]Loading dataset:  99%|█████████▉| 685/691 [00:46<00:00, 21.31it/s]Loading dataset: 100%|██████████| 691/691 [00:46<00:00, 14.85it/s]
Loading dataset:   0%|          | 0/619 [00:00<?, ?it/s]Loading dataset:   0%|          | 1/619 [00:00<09:47,  1.05it/s]Loading dataset:   4%|▎         | 23/619 [00:01<00:20, 28.88it/s]Loading dataset:   5%|▌         | 34/619 [00:02<00:42, 13.86it/s]Loading dataset:   9%|▉         | 56/619 [00:02<00:22, 24.52it/s]Loading dataset:  10%|█         | 63/619 [00:03<00:26, 21.36it/s]Loading dataset:  11%|█         | 68/619 [00:03<00:25, 21.37it/s]Loading dataset:  12%|█▏        | 76/619 [00:03<00:24, 22.25it/s]Loading dataset:  13%|█▎        | 83/619 [00:04<00:25, 20.99it/s]Loading dataset:  15%|█▍        | 91/619 [00:04<00:21, 24.22it/s]Loading dataset:  17%|█▋        | 107/619 [00:04<00:16, 31.77it/s]Loading dataset:  18%|█▊        | 111/619 [00:05<00:18, 26.95it/s]Loading dataset:  20%|█▉        | 122/619 [00:05<00:16, 29.84it/s]Loading dataset:  20%|██        | 126/619 [00:05<00:18, 27.31it/s]Loading dataset:  22%|██▏       | 137/619 [00:05<00:14, 34.41it/s]Loading dataset:  23%|██▎       | 141/619 [00:06<00:31, 15.33it/s]Loading dataset:  26%|██▋       | 163/619 [00:07<00:16, 27.80it/s]Loading dataset:  29%|██▉       | 179/619 [00:07<00:11, 39.98it/s]Loading dataset:  30%|███       | 187/619 [00:07<00:12, 33.55it/s]Loading dataset:  31%|███       | 193/619 [00:07<00:15, 27.55it/s]Loading dataset:  33%|███▎      | 204/619 [00:08<00:17, 24.26it/s]Loading dataset:  35%|███▌      | 218/619 [00:08<00:12, 33.11it/s]Loading dataset:  37%|███▋      | 229/619 [00:08<00:09, 40.91it/s]Loading dataset:  38%|███▊      | 236/619 [00:09<00:15, 25.18it/s]Loading dataset:  39%|███▉      | 241/619 [00:09<00:14, 25.34it/s]Loading dataset:  40%|███▉      | 247/619 [00:09<00:15, 24.11it/s]Loading dataset:  41%|████      | 251/619 [00:10<00:14, 25.27it/s]Loading dataset:  41%|████      | 255/619 [00:10<00:21, 17.01it/s]Loading dataset:  42%|████▏     | 263/619 [00:10<00:15, 22.53it/s]Loading dataset:  45%|████▌     | 279/619 [00:11<00:10, 31.07it/s]Loading dataset:  47%|████▋     | 288/619 [00:11<00:11, 29.45it/s]Loading dataset:  47%|████▋     | 292/619 [00:11<00:12, 27.21it/s]Loading dataset:  49%|████▊     | 301/619 [00:11<00:09, 34.34it/s]Loading dataset:  49%|████▉     | 306/619 [00:12<00:19, 15.69it/s]Loading dataset:  52%|█████▏    | 320/619 [00:12<00:12, 24.50it/s]Loading dataset:  53%|█████▎    | 325/619 [00:13<00:15, 19.40it/s]Loading dataset:  54%|█████▎    | 332/619 [00:14<00:19, 14.86it/s]Loading dataset:  56%|█████▌    | 347/619 [00:14<00:13, 20.49it/s]Loading dataset:  58%|█████▊    | 360/619 [00:14<00:10, 25.61it/s]Loading dataset:  59%|█████▉    | 364/619 [00:15<00:13, 18.27it/s]Loading dataset:  60%|█████▉    | 370/619 [00:16<00:16, 14.65it/s]Loading dataset:  61%|██████▏   | 380/619 [00:16<00:11, 20.75it/s]Loading dataset:  63%|██████▎   | 390/619 [00:16<00:08, 27.95it/s]Loading dataset:  64%|██████▍   | 396/619 [00:18<00:27,  8.03it/s]Loading dataset:  69%|██████▉   | 426/619 [00:19<00:10, 18.14it/s]Loading dataset:  70%|██████▉   | 432/619 [00:20<00:12, 15.13it/s]Loading dataset:  78%|███████▊  | 483/619 [00:20<00:03, 35.90it/s]Loading dataset:  80%|███████▉  | 495/619 [00:20<00:03, 40.85it/s]Loading dataset:  81%|████████▏ | 504/619 [00:20<00:02, 41.01it/s]Loading dataset:  83%|████████▎ | 516/619 [00:21<00:03, 31.28it/s]Loading dataset:  88%|████████▊ | 544/619 [00:22<00:02, 34.57it/s]Loading dataset:  92%|█████████▏| 568/619 [00:22<00:01, 42.33it/s]Loading dataset:  95%|█████████▍| 585/619 [00:22<00:00, 43.98it/s]Loading dataset:  95%|█████████▌| 591/619 [00:23<00:00, 39.24it/s]Loading dataset:  96%|█████████▋| 596/619 [00:23<00:00, 26.84it/s]Loading dataset: 100%|██████████| 619/619 [00:23<00:00, 26.16it/s]
output:  torch.Size([8, 2])
epoch 1 average  train loss: 0.6184
saved new best metric model
current epoch: 1 current accuracy: 0.6624 current AUC: 0.7461 best accuracy: 0.7461 at epoch 1
epoch 2 average  train loss: 0.5848
current epoch: 2 current accuracy: 0.6381 current AUC: 0.7150 best accuracy: 0.7461 at epoch 1
epoch 3 average  train loss: 0.5465
saved new best metric model
current epoch: 3 current accuracy: 0.6478 current AUC: 0.7714 best accuracy: 0.7714 at epoch 3
epoch 4 average  train loss: 0.5586
saved new best metric model
current epoch: 4 current accuracy: 0.7254 current AUC: 0.7909 best accuracy: 0.7909 at epoch 4
epoch 5 average  train loss: 0.5368
current epoch: 5 current accuracy: 0.7286 current AUC: 0.7784 best accuracy: 0.7909 at epoch 4
epoch 6 average  train loss: 0.5398
current epoch: 6 current accuracy: 0.7302 current AUC: 0.7903 best accuracy: 0.7909 at epoch 4
epoch 7 average  train loss: 0.5445
current epoch: 7 current accuracy: 0.6817 current AUC: 0.7584 best accuracy: 0.7909 at epoch 4
epoch 8 average  train loss: 0.5219
current epoch: 8 current accuracy: 0.6559 current AUC: 0.7613 best accuracy: 0.7909 at epoch 4
epoch 9 average  train loss: 0.5229
current epoch: 9 current accuracy: 0.6801 current AUC: 0.7485 best accuracy: 0.7909 at epoch 4
epoch 10 average  train loss: 0.5301
current epoch: 10 current accuracy: 0.6963 current AUC: 0.7598 best accuracy: 0.7909 at epoch 4
epoch 11 average  train loss: 0.5161
current epoch: 11 current accuracy: 0.7108 current AUC: 0.7735 best accuracy: 0.7909 at epoch 4
epoch 12 average  train loss: 0.5135
saved new best metric model
current epoch: 12 current accuracy: 0.7658 current AUC: 0.8045 best accuracy: 0.8045 at epoch 12
epoch 13 average  train loss: 0.5051
current epoch: 13 current accuracy: 0.7011 current AUC: 0.7685 best accuracy: 0.8045 at epoch 12
epoch 14 average  train loss: 0.4959
current epoch: 14 current accuracy: 0.7157 current AUC: 0.7921 best accuracy: 0.8045 at epoch 12
epoch 15 average  train loss: 0.5144
current epoch: 15 current accuracy: 0.7092 current AUC: 0.7763 best accuracy: 0.8045 at epoch 12
epoch 16 average  train loss: 0.5166
current epoch: 16 current accuracy: 0.7399 current AUC: 0.7878 best accuracy: 0.8045 at epoch 12
epoch 17 average  train loss: 0.5090
current epoch: 17 current accuracy: 0.7351 current AUC: 0.7880 best accuracy: 0.8045 at epoch 12
epoch 18 average  train loss: 0.4996
current epoch: 18 current accuracy: 0.7351 current AUC: 0.7936 best accuracy: 0.8045 at epoch 12
epoch 19 average  train loss: 0.4958
current epoch: 19 current accuracy: 0.7464 current AUC: 0.7876 best accuracy: 0.8045 at epoch 12
epoch 20 average  train loss: 0.4985
current epoch: 20 current accuracy: 0.7205 current AUC: 0.7862 best accuracy: 0.8045 at epoch 12
epoch 21 average  train loss: 0.4908
current epoch: 21 current accuracy: 0.7431 current AUC: 0.7895 best accuracy: 0.8045 at epoch 12
epoch 22 average  train loss: 0.4984
current epoch: 22 current accuracy: 0.7318 current AUC: 0.7775 best accuracy: 0.8045 at epoch 12
epoch 23 average  train loss: 0.5195
current epoch: 23 current accuracy: 0.7205 current AUC: 0.8005 best accuracy: 0.8045 at epoch 12
epoch 24 average  train loss: 0.4801
current epoch: 24 current accuracy: 0.6624 current AUC: 0.7697 best accuracy: 0.8045 at epoch 12
epoch 25 average  train loss: 0.4871
saved new best metric model
current epoch: 25 current accuracy: 0.7641 current AUC: 0.8099 best accuracy: 0.8099 at epoch 25
epoch 26 average  train loss: 0.4868
saved new best metric model
current epoch: 26 current accuracy: 0.7706 current AUC: 0.8225 best accuracy: 0.8225 at epoch 26
epoch 27 average  train loss: 0.4813
saved new best metric model
current epoch: 27 current accuracy: 0.7351 current AUC: 0.8239 best accuracy: 0.8239 at epoch 27
epoch 28 average  train loss: 0.4952
current epoch: 28 current accuracy: 0.7447 current AUC: 0.8043 best accuracy: 0.8239 at epoch 27
epoch 29 average  train loss: 0.4852
current epoch: 29 current accuracy: 0.7528 current AUC: 0.8157 best accuracy: 0.8239 at epoch 27
epoch 30 average  train loss: 0.4704
saved new best metric model
current epoch: 30 current accuracy: 0.7674 current AUC: 0.8266 best accuracy: 0.8266 at epoch 30
epoch 31 average  train loss: 0.4685
current epoch: 31 current accuracy: 0.7270 current AUC: 0.7808 best accuracy: 0.8266 at epoch 30
epoch 32 average  train loss: 0.4855
current epoch: 32 current accuracy: 0.7561 current AUC: 0.8117 best accuracy: 0.8266 at epoch 30
epoch 33 average  train loss: 0.4626
current epoch: 33 current accuracy: 0.7173 current AUC: 0.8085 best accuracy: 0.8266 at epoch 30
epoch 34 average  train loss: 0.4491
current epoch: 34 current accuracy: 0.7254 current AUC: 0.8150 best accuracy: 0.8266 at epoch 30
epoch 35 average  train loss: 0.4569
current epoch: 35 current accuracy: 0.7383 current AUC: 0.7872 best accuracy: 0.8266 at epoch 30
epoch 36 average  train loss: 0.4545
current epoch: 36 current accuracy: 0.7415 current AUC: 0.8037 best accuracy: 0.8266 at epoch 30
epoch 37 average  train loss: 0.4521
current epoch: 37 current accuracy: 0.7044 current AUC: 0.8033 best accuracy: 0.8266 at epoch 30
epoch 38 average  train loss: 0.4482
current epoch: 38 current accuracy: 0.7690 current AUC: 0.8142 best accuracy: 0.8266 at epoch 30
epoch 39 average  train loss: 0.4574
current epoch: 39 current accuracy: 0.7593 current AUC: 0.8184 best accuracy: 0.8266 at epoch 30
epoch 40 average  train loss: 0.4523
current epoch: 40 current accuracy: 0.7221 current AUC: 0.8135 best accuracy: 0.8266 at epoch 30
epoch 41 average  train loss: 0.4318
current epoch: 41 current accuracy: 0.7173 current AUC: 0.8085 best accuracy: 0.8266 at epoch 30
epoch 42 average  train loss: 0.4627
current epoch: 42 current accuracy: 0.7447 current AUC: 0.8167 best accuracy: 0.8266 at epoch 30
epoch 43 average  train loss: 0.4373
current epoch: 43 current accuracy: 0.7609 current AUC: 0.8171 best accuracy: 0.8266 at epoch 30
epoch 44 average  train loss: 0.4438
current epoch: 44 current accuracy: 0.6914 current AUC: 0.7862 best accuracy: 0.8266 at epoch 30
epoch 45 average  train loss: 0.4391
current epoch: 45 current accuracy: 0.7092 current AUC: 0.7783 best accuracy: 0.8266 at epoch 30
epoch 46 average  train loss: 0.4449
current epoch: 46 current accuracy: 0.7641 current AUC: 0.8131 best accuracy: 0.8266 at epoch 30
epoch 47 average  train loss: 0.4308
current epoch: 47 current accuracy: 0.7658 current AUC: 0.8135 best accuracy: 0.8266 at epoch 30
epoch 48 average  train loss: 0.4352
current epoch: 48 current accuracy: 0.7464 current AUC: 0.8041 best accuracy: 0.8266 at epoch 30
epoch 49 average  train loss: 0.4292
current epoch: 49 current accuracy: 0.7496 current AUC: 0.8056 best accuracy: 0.8266 at epoch 30
epoch 50 average  train loss: 0.4355
current epoch: 50 current accuracy: 0.7431 current AUC: 0.7900 best accuracy: 0.8266 at epoch 30
epoch 51 average  train loss: 0.4201
current epoch: 51 current accuracy: 0.7237 current AUC: 0.8041 best accuracy: 0.8266 at epoch 30
epoch 52 average  train loss: 0.4284
current epoch: 52 current accuracy: 0.7658 current AUC: 0.8103 best accuracy: 0.8266 at epoch 30
epoch 53 average  train loss: 0.4120
current epoch: 53 current accuracy: 0.7060 current AUC: 0.7755 best accuracy: 0.8266 at epoch 30
epoch 54 average  train loss: 0.4309
current epoch: 54 current accuracy: 0.7318 current AUC: 0.8056 best accuracy: 0.8266 at epoch 30
epoch 55 average  train loss: 0.4175
current epoch: 55 current accuracy: 0.6656 current AUC: 0.8029 best accuracy: 0.8266 at epoch 30
epoch 56 average  train loss: 0.4220
current epoch: 56 current accuracy: 0.7690 current AUC: 0.8250 best accuracy: 0.8266 at epoch 30
epoch 57 average  train loss: 0.4124
current epoch: 57 current accuracy: 0.6462 current AUC: 0.7658 best accuracy: 0.8266 at epoch 30
epoch 58 average  train loss: 0.4222
current epoch: 58 current accuracy: 0.7415 current AUC: 0.8028 best accuracy: 0.8266 at epoch 30
epoch 59 average  train loss: 0.4106
current epoch: 59 current accuracy: 0.7399 current AUC: 0.8025 best accuracy: 0.8266 at epoch 30
epoch 60 average  train loss: 0.4181
current epoch: 60 current accuracy: 0.7060 current AUC: 0.8067 best accuracy: 0.8266 at epoch 30
epoch 61 average  train loss: 0.3934
current epoch: 61 current accuracy: 0.7528 current AUC: 0.8161 best accuracy: 0.8266 at epoch 30
epoch 62 average  train loss: 0.4108
current epoch: 62 current accuracy: 0.7496 current AUC: 0.8218 best accuracy: 0.8266 at epoch 30
epoch 63 average  train loss: 0.3925
current epoch: 63 current accuracy: 0.7415 current AUC: 0.8132 best accuracy: 0.8266 at epoch 30
epoch 64 average  train loss: 0.3997
current epoch: 64 current accuracy: 0.7351 current AUC: 0.8054 best accuracy: 0.8266 at epoch 30
epoch 65 average  train loss: 0.3886
current epoch: 65 current accuracy: 0.7367 current AUC: 0.8018 best accuracy: 0.8266 at epoch 30
epoch 66 average  train loss: 0.4065
current epoch: 66 current accuracy: 0.7189 current AUC: 0.8109 best accuracy: 0.8266 at epoch 30
epoch 67 average  train loss: 0.4133
current epoch: 67 current accuracy: 0.7141 current AUC: 0.8167 best accuracy: 0.8266 at epoch 30
epoch 68 average  train loss: 0.3989
current epoch: 68 current accuracy: 0.7722 current AUC: 0.8242 best accuracy: 0.8266 at epoch 30
epoch 69 average  train loss: 0.4085
current epoch: 69 current accuracy: 0.7512 current AUC: 0.8120 best accuracy: 0.8266 at epoch 30
epoch 70 average  train loss: 0.3831
current epoch: 70 current accuracy: 0.7351 current AUC: 0.7985 best accuracy: 0.8266 at epoch 30
epoch 71 average  train loss: 0.3767
current epoch: 71 current accuracy: 0.6850 current AUC: 0.8018 best accuracy: 0.8266 at epoch 30
epoch 72 average  train loss: 0.3915
current epoch: 72 current accuracy: 0.6850 current AUC: 0.8071 best accuracy: 0.8266 at epoch 30
epoch 73 average  train loss: 0.3713
current epoch: 73 current accuracy: 0.7480 current AUC: 0.8042 best accuracy: 0.8266 at epoch 30
epoch 74 average  train loss: 0.3454
current epoch: 74 current accuracy: 0.7512 current AUC: 0.8091 best accuracy: 0.8266 at epoch 30
epoch 75 average  train loss: 0.3771
current epoch: 75 current accuracy: 0.7270 current AUC: 0.7984 best accuracy: 0.8266 at epoch 30
epoch 76 average  train loss: 0.3704
current epoch: 76 current accuracy: 0.7141 current AUC: 0.7970 best accuracy: 0.8266 at epoch 30
epoch 77 average  train loss: 0.3707
current epoch: 77 current accuracy: 0.7189 current AUC: 0.7946 best accuracy: 0.8266 at epoch 30
epoch 78 average  train loss: 0.3622
current epoch: 78 current accuracy: 0.7351 current AUC: 0.8120 best accuracy: 0.8266 at epoch 30
epoch 79 average  train loss: 0.3484
current epoch: 79 current accuracy: 0.7302 current AUC: 0.7916 best accuracy: 0.8266 at epoch 30
epoch 80 average  train loss: 0.3670
current epoch: 80 current accuracy: 0.7447 current AUC: 0.8031 best accuracy: 0.8266 at epoch 30
train completed, best_metric: 0.8266 at epoch: 30
